
> firebase-crud@0.0.0 build
> ng build

[33mΓ¥»[39m Building...
[32mΓ£ö[39m Building...
[1mInitial chunk files[22m  [2m | [22m[1mNames[22m        [2m | [22m [1mRaw size[22m[2m | [22m[1mEstimated transfer size[22m
[32mmain-GVVYQZC5.js[39m     [2m | [22m[2mmain[22m         [2m | [22m[36m812.84 kB[39m[2m | [22m              [36m206.85 kB[39m
[32mstyles-PB3ZXSQ2.css[39m  [2m | [22m[2mstyles[22m       [2m | [22m[36m232.48 kB[39m[2m | [22m               [36m22.90 kB[39m
[32mchunk-KYN2HMDF.js[39m    [2m | [22m[2m-[22m            [2m | [22m[36m188.44 kB[39m[2m | [22m               [36m45.80 kB[39m
[32mpolyfills-BOHRMVHA.js[39m[2m | [22m[2mpolyfills[22m    [2m | [22m [36m35.10 kB[39m[2m | [22m               [36m11.54 kB[39m

[1m [22m                    [2m | [22m[1mInitial total[22m[2m | [22m  [1m[91m1.27 MB[39m[22m[2m | [22m              [1m287.10 kB[22m

[1mLazy chunk files[22m     [2m | [22m[1mNames[22m        [2m | [22m [1mRaw size[22m[2m | [22m[1mEstimated transfer size[22m
[32mchunk-7NRTTNZH.js[39m    [2m | [22m[2mindex-esm[22m    [2m | [22m [36m29 bytes[39m[2m | [22m               [36m29 bytes[39m

Application bundle generation failed. [4.228 seconds]

node.exe : [1m[33m[33mΓû▓ 
[43;33m[[43;30mWARNING[43;33m][0m 
[1mTS-998113: RouterOutlet is not 
used within the template of 
ExpenseComponent[0m [1m[35m[plugin 
angular-compiler][0m
At C:\Program Files\nodejs\npm.ps1:29 
char:3
+   & $NODE_EXE $NPM_CLI_JS $args
+   ~~~~~~~~~~~~~~~~~~~~~~~~~~~~~
    + CategoryInfo          : NotSpeci 
   fied: ([1m[33m[33mΓ...r-compile  
  r][0m:String) [], RemoteException
    + FullyQualifiedErrorId : NativeCo 
   mmandError
 

    src/app/pages/expense/expense.compo
nent.ts:9:52:
[37m      9 Γöé   imports: 
[CommonModule, RouterModule, 
RouterLink, [32mRouterOutlet[37m],
        Γò╡                            
                         
[32m~~~~~~~~~~~~[0m


[33mΓû▓ 
[43;33m[[43;30mWARNING[43;33m][0m 
[1mbundle initial exceeded maximum 
budget. Budget 500.00 kB was not met 
by 768.85 kB with a total of 1.27 
MB.[0m

[39m[22m
[1m[31m[31mX 
[41;31m[[41;97mERROR[41;31m][0m 
[1mbundle initial exceeded maximum 
budget. Budget 1.00 MB was not met by 
268.85 kB with a total of 1.27 MB.[0m

[39m[22m
